***********************************************************************************************
***                                                                                         ***
***                                    LINK INFORMATION                                     ***
***                                                                                         ***
***********************************************************************************************

Linker version:

  SEGGER ARM Linker 4.34.2 compiled Aug 15 2022 23:27:03
  Copyright (c) 2017-2022 SEGGER Microcontroller GmbH    www.segger.com


***********************************************************************************************
***                                                                                         ***
***                                     MODULE SUMMARY                                      ***
***                                                                                         ***
***********************************************************************************************

Memory use by input file:

  Object File                                       RX Code     RO Data     RW Data     ZI Data
  ---------------------------------------------  ----------  ----------  ----------  ----------
  SEGGER_crtinit_v7em_little.o                           52                                    
  SEGGER_THUMB_Startup.o                                 20                                    
  spi.o                                                 392                      48            
  STM32L432KC_GPIO.o                                    460                                    
  STM32L432KC_SPI.o                                     328                                    
  stm32l432xx_Vectors.o                                 526                                    
  STM32L4xx_Startup.o                                    64                                    
  system_stm32l4xx.o                                    428          64           4            
  ---------------------------------------------  ----------  ----------  ----------  ----------
  Subtotal (8 objects)                                2 270          64          52            
  ---------------------------------------------  ----------  ----------  ----------  ----------
  Linker created (shared data, fills, blocks):                       76                   2 048
  =============================================  ==========  ==========  ==========  ==========
  Total:                                              2 270         140          52       2 048
  =============================================  ==========  ==========  ==========  ==========

Memory use by archive member:

Memory use by linker:

  Description                                       RX Code     RO Data     RW Data     ZI Data
  ---------------------------------------------  ----------  ----------  ----------  ----------
  Initialization table                                               76                        
  Memory for block 'stack'                                                                2 048
  ---------------------------------------------  ----------  ----------  ----------  ----------
  Subtotal (linker created):                                         76                   2 048
  ---------------------------------------------  ----------  ----------  ----------  ----------
  Objects (8 files)                                   2 270          64          52            
  =============================================  ==========  ==========  ==========  ==========
  Total:                                              2 270         140          52       2 048
  =============================================  ==========  ==========  ==========  ==========


***********************************************************************************************
***                                                                                         ***
***                                     SECTION DETAIL                                      ***
***                                                                                         ***
***********************************************************************************************

Sections by address:

  Range              Symbol or [section] Name         Size  Al  Init  Ac  Object File
  -----------------  -------------------------  ----------  --  ----  --  -----------
  08000000-0800018b  _vectors                          396  512
                                                                Code  RX  stm32l432xx_Vectors.o
  0800018c-0800019b  AHBPrescTable                      16   4  Cnst  RO  system_stm32l4xx.o
  0800019c-080001cb  MSIRangeTable                      48   4  Cnst  RO  system_stm32l4xx.o
  080001cc-08000223  SystemInit                         88   4  Code  RX  system_stm32l4xx.o
  08000224-08000377  SystemCoreClockUpdate             340   4  Code  RX  system_stm32l4xx.o
  08000378-080003ef  main                              120   4  Code  RX  spi.o
  080003f0-0800045b  checkAnswer                       108   4  Code  RX  spi.o
  0800045c-080004ff  encrypt                           164   4  Code  RX  spi.o
  08000500-08000513  _start                             20   4  Code  RX  SEGGER_THUMB_Startup.o
  08000514-0800053b  HardFault_Handler                  40   4  Code  RX  STM32L4xx_Startup.o
  0800053c-08000583  gpioPortToBase                     72   4  Code  RX  STM32L432KC_GPIO.o
  08000584-0800064b  pinMode                           200   4  Code  RX  STM32L432KC_GPIO.o
  0800064c-0800074b  initSPI                           256   4  Code  RX  STM32L432KC_SPI.o
  0800074c-08000793  spiSendReceive                     72   4  Code  RX  STM32L432KC_SPI.o
  08000794-08000795  NMI_Handler                         2   2  Code  RX  stm32l432xx_Vectors.o
  08000796-08000797  SVC_Handler                         2   2  Code  RX  stm32l432xx_Vectors.o
  08000798-08000799  PendSV_Handler                      2   2  Code  RX  stm32l432xx_Vectors.o
  0800079a-0800079b  SysTick_Handler                     2   2  Code  RX  stm32l432xx_Vectors.o
  0800079c-0800079d  WWDG_IRQHandler                     2   2  Code  RX  stm32l432xx_Vectors.o
  0800079e-0800079f  PVD_PVM_IRQHandler                  2   2  Code  RX  stm32l432xx_Vectors.o
  080007a0-080007a1  TAMP_STAMP_IRQHandler               2   2  Code  RX  stm32l432xx_Vectors.o
  080007a2-080007a3  RTC_WKUP_IRQHandler                 2   2  Code  RX  stm32l432xx_Vectors.o
  080007a4-080007a5  FLASH_IRQHandler                    2   2  Code  RX  stm32l432xx_Vectors.o
  080007a6-080007a7  RCC_IRQHandler                      2   2  Code  RX  stm32l432xx_Vectors.o
  080007a8-080007a9  EXTI0_IRQHandler                    2   2  Code  RX  stm32l432xx_Vectors.o
  080007aa-080007ab  EXTI1_IRQHandler                    2   2  Code  RX  stm32l432xx_Vectors.o
  080007ac-080007ad  EXTI2_IRQHandler                    2   2  Code  RX  stm32l432xx_Vectors.o
  080007ae-080007af  EXTI3_IRQHandler                    2   2  Code  RX  stm32l432xx_Vectors.o
  080007b0-080007b1  EXTI4_IRQHandler                    2   2  Code  RX  stm32l432xx_Vectors.o
  080007b2-080007b3  DMA1_Channel1_IRQHandler            2   2  Code  RX  stm32l432xx_Vectors.o
  080007b4-080007b5  DMA1_Channel2_IRQHandler            2   2  Code  RX  stm32l432xx_Vectors.o
  080007b6-080007b7  DMA1_Channel3_IRQHandler            2   2  Code  RX  stm32l432xx_Vectors.o
  080007b8-080007b9  DMA1_Channel4_IRQHandler            2   2  Code  RX  stm32l432xx_Vectors.o
  080007ba-080007bb  DMA1_Channel5_IRQHandler            2   2  Code  RX  stm32l432xx_Vectors.o
  080007bc-080007bd  DMA1_Channel6_IRQHandler            2   2  Code  RX  stm32l432xx_Vectors.o
  080007be-080007bf  DMA1_Channel7_IRQHandler            2   2  Code  RX  stm32l432xx_Vectors.o
  080007c0-080007c1  ADC1_IRQHandler                     2   2  Code  RX  stm32l432xx_Vectors.o
  080007c2-080007c3  CAN1_TX_IRQHandler                  2   2  Code  RX  stm32l432xx_Vectors.o
  080007c4-080007c5  CAN1_RX0_IRQHandler                 2   2  Code  RX  stm32l432xx_Vectors.o
  080007c6-080007c7  CAN1_RX1_IRQHandler                 2   2  Code  RX  stm32l432xx_Vectors.o
  080007c8-080007c9  CAN1_SCE_IRQHandler                 2   2  Code  RX  stm32l432xx_Vectors.o
  080007ca-080007cb  EXTI9_5_IRQHandler                  2   2  Code  RX  stm32l432xx_Vectors.o
  080007cc-080007cd  TIM1_BRK_TIM15_IRQHandler           2   2  Code  RX  stm32l432xx_Vectors.o
  080007ce-080007cf  TIM1_UP_TIM16_IRQHandler            2   2  Code  RX  stm32l432xx_Vectors.o
  080007d0-080007d1  TIM1_TRG_COM_IRQHandler             2   2  Code  RX  stm32l432xx_Vectors.o
  080007d2-080007d3  TIM1_CC_IRQHandler                  2   2  Code  RX  stm32l432xx_Vectors.o
  080007d4-080007d5  TIM2_IRQHandler                     2   2  Code  RX  stm32l432xx_Vectors.o
  080007d6-080007d7  I2C1_EV_IRQHandler                  2   2  Code  RX  stm32l432xx_Vectors.o
  080007d8-080007d9  I2C1_ER_IRQHandler                  2   2  Code  RX  stm32l432xx_Vectors.o
  080007da-080007db  SPI1_IRQHandler                     2   2  Code  RX  stm32l432xx_Vectors.o
  080007dc-080007dd  USART1_IRQHandler                   2   2  Code  RX  stm32l432xx_Vectors.o
  080007de-080007df  USART2_IRQHandler                   2   2  Code  RX  stm32l432xx_Vectors.o
  080007e0-080007e1  EXTI15_10_IRQHandler                2   2  Code  RX  stm32l432xx_Vectors.o
  080007e2-080007e3  RTC_Alarm_IRQHandler                2   2  Code  RX  stm32l432xx_Vectors.o
  080007e4-080007e5  SPI3_IRQHandler                     2   2  Code  RX  stm32l432xx_Vectors.o
  080007e6-080007e7  TIM6_DAC_IRQHandler                 2   2  Code  RX  stm32l432xx_Vectors.o
  080007e8-080007e9  TIM7_IRQHandler                     2   2  Code  RX  stm32l432xx_Vectors.o
  080007ea-080007eb  DMA2_Channel1_IRQHandler            2   2  Code  RX  stm32l432xx_Vectors.o
  080007ec-080007ed  DMA2_Channel2_IRQHandler            2   2  Code  RX  stm32l432xx_Vectors.o
  080007ee-080007ef  DMA2_Channel3_IRQHandler            2   2  Code  RX  stm32l432xx_Vectors.o
  080007f0-080007f1  DMA2_Channel4_IRQHandler            2   2  Code  RX  stm32l432xx_Vectors.o
  080007f2-080007f3  DMA2_Channel5_IRQHandler            2   2  Code  RX  stm32l432xx_Vectors.o
  080007f4-080007f5  COMP_IRQHandler                     2   2  Code  RX  stm32l432xx_Vectors.o
  080007f6-080007f7  LPTIM1_IRQHandler                   2   2  Code  RX  stm32l432xx_Vectors.o
  080007f8-080007f9  LPTIM2_IRQHandler                   2   2  Code  RX  stm32l432xx_Vectors.o
  080007fa-080007fb  USB_IRQHandler                      2   2  Code  RX  stm32l432xx_Vectors.o
  080007fc-080007fd  DMA2_Channel6_IRQHandler            2   2  Code  RX  stm32l432xx_Vectors.o
  080007fe-080007ff  DMA2_Channel7_IRQHandler            2   2  Code  RX  stm32l432xx_Vectors.o
  08000800-08000801  LPUART1_IRQHandler                  2   2  Code  RX  stm32l432xx_Vectors.o
  08000802-08000803  QUADSPI_IRQHandler                  2   2  Code  RX  stm32l432xx_Vectors.o
  08000804-08000805  I2C3_EV_IRQHandler                  2   2  Code  RX  stm32l432xx_Vectors.o
  08000806-08000807  I2C3_ER_IRQHandler                  2   2  Code  RX  stm32l432xx_Vectors.o
  08000808-08000809  SAI1_IRQHandler                     2   2  Code  RX  stm32l432xx_Vectors.o
  0800080a-0800080b  SWPMI1_IRQHandler                   2   2  Code  RX  stm32l432xx_Vectors.o
  0800080c-0800080d  TSC_IRQHandler                      2   2  Code  RX  stm32l432xx_Vectors.o
  0800080e-0800080f  RNG_IRQHandler                      2   2  Code  RX  stm32l432xx_Vectors.o
  08000810-08000811  FPU_IRQHandler                      2   2  Code  RX  stm32l432xx_Vectors.o
  08000812-08000813  CRS_IRQHandler                      2   2  Code  RX  stm32l432xx_Vectors.o
  08000814-08000815  Dummy_Handler                       2   2  Code  RX  stm32l432xx_Vectors.o
  08000816-08000823  gpioPinToPort                      14   2  Code  RX  STM32L432KC_GPIO.o
  08000824-08000841  gpioPinToBase                      30   2  Code  RX  STM32L432KC_GPIO.o
  08000842-08000859  reset_handler                      24   2  Code  RX  STM32L4xx_Startup.o
  0800085a-08000869  gpioPinOffset                      16   2  Code  RX  STM32L432KC_GPIO.o
  0800086a-08000895  digitalRead                        44   2  Code  RX  STM32L432KC_GPIO.o
  08000896-080008e9  digitalWrite                       84   2  Code  RX  STM32L432KC_GPIO.o
  080008ea-080008eb  ( UNUSED .=.+2 )                    2   -  ----  -   -
  080008ec-080008ef  [.init_array]                       4   4  ----  --  STM32L4xx_Startup.o
  080008f0-0800090f  __SEGGER_init_ctors                32   4  Code  RX  SEGGER_crtinit_v7em_little.o
  08000910-08000927  __SEGGER_init_table__              24   4  Cnst  RO  [ Linker created ]
  08000928-0800095b  __SEGGER_init_data__               52   4  Cnst  RO  [ Linker created ]
  0800095c-0800096f  __SEGGER_init_copy                 20   2  Code  RX  SEGGER_crtinit_v7em_little.o
  08000970-0fffffff  ( UNUSED .=.+134215312 )   134 215 312
                                                             -  ----  -   -
  10000000-1000000f  plaintext                          16   4  Init  RW  spi.o
  10000010-1000001f  key                                16   4  Init  RW  spi.o
  10000020-1000002f  ct                                 16   4  Init  RW  spi.o
  10000030-10000033  SystemCoreClock                     4   4  Init  RW  system_stm32l4xx.o
  10000034-2000b7ff  ( UNUSED .=.+268482508 )   268 482 508
                                                             -  ----  -   -
  2000b800-2000bfff  [.bss.block.stack]              2 048   8  None  ZI  [ Linker created ]


***********************************************************************************************
***                                                                                         ***
***                                       SYMBOL LIST                                       ***
***                                                                                         ***
***********************************************************************************************

Function symbols by name:

  Symbol name                   Address        Size  Align  Type  Bd  Object File
  -------------------------  ----------  ----------  -----  ----  --  -----------
  ADC1_IRQHandler            0x080007C1                  2  Code  Wk  stm32l432xx_Vectors.o
  CAN1_RX0_IRQHandler        0x080007C5                  2  Code  Wk  stm32l432xx_Vectors.o
  CAN1_RX1_IRQHandler        0x080007C7                  2  Code  Wk  stm32l432xx_Vectors.o
  CAN1_SCE_IRQHandler        0x080007C9                  2  Code  Wk  stm32l432xx_Vectors.o
  CAN1_TX_IRQHandler         0x080007C3                  2  Code  Wk  stm32l432xx_Vectors.o
  COMP_IRQHandler            0x080007F5                  2  Code  Wk  stm32l432xx_Vectors.o
  CRS_IRQHandler             0x08000813                  2  Code  Wk  stm32l432xx_Vectors.o
  DMA1_Channel1_IRQHandler   0x080007B3                  2  Code  Wk  stm32l432xx_Vectors.o
  DMA1_Channel2_IRQHandler   0x080007B5                  2  Code  Wk  stm32l432xx_Vectors.o
  DMA1_Channel3_IRQHandler   0x080007B7                  2  Code  Wk  stm32l432xx_Vectors.o
  DMA1_Channel4_IRQHandler   0x080007B9                  2  Code  Wk  stm32l432xx_Vectors.o
  DMA1_Channel5_IRQHandler   0x080007BB                  2  Code  Wk  stm32l432xx_Vectors.o
  DMA1_Channel6_IRQHandler   0x080007BD                  2  Code  Wk  stm32l432xx_Vectors.o
  DMA1_Channel7_IRQHandler   0x080007BF                  2  Code  Wk  stm32l432xx_Vectors.o
  DMA2_Channel1_IRQHandler   0x080007EB                  2  Code  Wk  stm32l432xx_Vectors.o
  DMA2_Channel2_IRQHandler   0x080007ED                  2  Code  Wk  stm32l432xx_Vectors.o
  DMA2_Channel3_IRQHandler   0x080007EF                  2  Code  Wk  stm32l432xx_Vectors.o
  DMA2_Channel4_IRQHandler   0x080007F1                  2  Code  Wk  stm32l432xx_Vectors.o
  DMA2_Channel5_IRQHandler   0x080007F3                  2  Code  Wk  stm32l432xx_Vectors.o
  DMA2_Channel6_IRQHandler   0x080007FD                  2  Code  Wk  stm32l432xx_Vectors.o
  DMA2_Channel7_IRQHandler   0x080007FF                  2  Code  Wk  stm32l432xx_Vectors.o
  Dummy_Handler              0x08000815                  2  Code  Wk  stm32l432xx_Vectors.o
  EXTI0_IRQHandler           0x080007A9                  2  Code  Wk  stm32l432xx_Vectors.o
  EXTI15_10_IRQHandler       0x080007E1                  2  Code  Wk  stm32l432xx_Vectors.o
  EXTI1_IRQHandler           0x080007AB                  2  Code  Wk  stm32l432xx_Vectors.o
  EXTI2_IRQHandler           0x080007AD                  2  Code  Wk  stm32l432xx_Vectors.o
  EXTI3_IRQHandler           0x080007AF                  2  Code  Wk  stm32l432xx_Vectors.o
  EXTI4_IRQHandler           0x080007B1                  2  Code  Wk  stm32l432xx_Vectors.o
  EXTI9_5_IRQHandler         0x080007CB                  2  Code  Wk  stm32l432xx_Vectors.o
  FLASH_IRQHandler           0x080007A5                  2  Code  Wk  stm32l432xx_Vectors.o
  FPU_IRQHandler             0x08000811                  2  Code  Wk  stm32l432xx_Vectors.o
  HardFault_Handler          0x08000515                  4  Code  Wk  STM32L4xx_Startup.o
  I2C1_ER_IRQHandler         0x080007D9                  2  Code  Wk  stm32l432xx_Vectors.o
  I2C1_EV_IRQHandler         0x080007D7                  2  Code  Wk  stm32l432xx_Vectors.o
  I2C3_ER_IRQHandler         0x08000807                  2  Code  Wk  stm32l432xx_Vectors.o
  I2C3_EV_IRQHandler         0x08000805                  2  Code  Wk  stm32l432xx_Vectors.o
  LPTIM1_IRQHandler          0x080007F7                  2  Code  Wk  stm32l432xx_Vectors.o
  LPTIM2_IRQHandler          0x080007F9                  2  Code  Wk  stm32l432xx_Vectors.o
  LPUART1_IRQHandler         0x08000801                  2  Code  Wk  stm32l432xx_Vectors.o
  NMI_Handler                0x08000795                  2  Code  Wk  stm32l432xx_Vectors.o
  PVD_PVM_IRQHandler         0x0800079F                  2  Code  Wk  stm32l432xx_Vectors.o
  PendSV_Handler             0x08000799                  2  Code  Wk  stm32l432xx_Vectors.o
  QUADSPI_IRQHandler         0x08000803                  2  Code  Wk  stm32l432xx_Vectors.o
  RCC_IRQHandler             0x080007A7                  2  Code  Wk  stm32l432xx_Vectors.o
  RNG_IRQHandler             0x0800080F                  2  Code  Wk  stm32l432xx_Vectors.o
  RTC_Alarm_IRQHandler       0x080007E3                  2  Code  Wk  stm32l432xx_Vectors.o
  RTC_WKUP_IRQHandler        0x080007A3                  2  Code  Wk  stm32l432xx_Vectors.o
  Reset_Handler              0x08000843                  2  Code  Gb  STM32L4xx_Startup.o
  SAI1_IRQHandler            0x08000809                  2  Code  Wk  stm32l432xx_Vectors.o
  SPI1_IRQHandler            0x080007DB                  2  Code  Wk  stm32l432xx_Vectors.o
  SPI3_IRQHandler            0x080007E5                  2  Code  Wk  stm32l432xx_Vectors.o
  SVC_Handler                0x08000797                  2  Code  Wk  stm32l432xx_Vectors.o
  SWPMI1_IRQHandler          0x0800080B                  2  Code  Wk  stm32l432xx_Vectors.o
  SysTick_Handler            0x0800079B                  2  Code  Wk  stm32l432xx_Vectors.o
  SystemCoreClockUpdate      0x08000225         340      4  Code  Gb  system_stm32l4xx.o
  SystemInit                 0x080001CD          88      4  Code  Gb  system_stm32l4xx.o
  TAMP_STAMP_IRQHandler      0x080007A1                  2  Code  Wk  stm32l432xx_Vectors.o
  TIM1_BRK_TIM15_IRQHandler  0x080007CD                  2  Code  Wk  stm32l432xx_Vectors.o
  TIM1_CC_IRQHandler         0x080007D3                  2  Code  Wk  stm32l432xx_Vectors.o
  TIM1_TRG_COM_IRQHandler    0x080007D1                  2  Code  Wk  stm32l432xx_Vectors.o
  TIM1_UP_TIM16_IRQHandler   0x080007CF                  2  Code  Wk  stm32l432xx_Vectors.o
  TIM2_IRQHandler            0x080007D5                  2  Code  Wk  stm32l432xx_Vectors.o
  TIM6_DAC_IRQHandler        0x080007E7                  2  Code  Wk  stm32l432xx_Vectors.o
  TIM7_IRQHandler            0x080007E9                  2  Code  Wk  stm32l432xx_Vectors.o
  TSC_IRQHandler             0x0800080D                  2  Code  Wk  stm32l432xx_Vectors.o
  USART1_IRQHandler          0x080007DD                  2  Code  Wk  stm32l432xx_Vectors.o
  USART2_IRQHandler          0x080007DF                  2  Code  Wk  stm32l432xx_Vectors.o
  USB_IRQHandler             0x080007FB                  2  Code  Wk  stm32l432xx_Vectors.o
  WWDG_IRQHandler            0x0800079D                  2  Code  Wk  stm32l432xx_Vectors.o
  __SEGGER_init_copy         0x0800095D          20      2  Code  Wk  SEGGER_crtinit_v7em_little.o
  __SEGGER_init_ctors        0x080008F1          24      4  Code  Wk  SEGGER_crtinit_v7em_little.o
  __SEGGER_init_done         0x0800050B                  4  Code  Gb  SEGGER_THUMB_Startup.o
  __startup_complete         0x0800050B                  4  Code  Gb  SEGGER_THUMB_Startup.o
  _start                     0x08000501          14      4  Code  Gb  SEGGER_THUMB_Startup.o
  checkAnswer                0x080003F1         108      4  Code  Gb  spi.o
  digitalRead                0x0800086B          44      2  Code  Gb  STM32L432KC_GPIO.o
  digitalWrite               0x08000897          84      2  Code  Gb  STM32L432KC_GPIO.o
  encrypt                    0x0800045D         164      4  Code  Gb  spi.o
  exit                       0x0800050F           2      4  Code  Gb  SEGGER_THUMB_Startup.o
  gpioPinOffset              0x0800085B          16      2  Code  Gb  STM32L432KC_GPIO.o
  gpioPinToBase              0x08000825          30      2  Code  Gb  STM32L432KC_GPIO.o
  gpioPinToPort              0x08000817          14      2  Code  Gb  STM32L432KC_GPIO.o
  gpioPortToBase             0x0800053D          72      4  Code  Gb  STM32L432KC_GPIO.o
  initSPI                    0x0800064D         256      4  Code  Gb  STM32L432KC_SPI.o
  main                       0x08000379         120      4  Code  Gb  spi.o
  pinMode                    0x08000585         198      4  Code  Gb  STM32L432KC_GPIO.o
  reset_handler              0x08000843                  2  Code  Gb  STM32L4xx_Startup.o
  spiSendReceive             0x0800074D          72      4  Code  Gb  STM32L432KC_SPI.o

Function symbols by address:

     Address  Symbol name                      Size  Align  Type  Bd  Object File
  ----------  -------------------------  ----------  -----  ----  --  -----------
  0x080001CD  SystemInit                         88      4  Code  Gb  system_stm32l4xx.o
  0x08000225  SystemCoreClockUpdate             340      4  Code  Gb  system_stm32l4xx.o
  0x08000379  main                              120      4  Code  Gb  spi.o
  0x080003F1  checkAnswer                       108      4  Code  Gb  spi.o
  0x0800045D  encrypt                           164      4  Code  Gb  spi.o
  0x08000501  _start                             14      4  Code  Gb  SEGGER_THUMB_Startup.o
  0x0800050B  __startup_complete                         4  Code  Gb  SEGGER_THUMB_Startup.o
  0x0800050B  __SEGGER_init_done                         4  Code  Gb  SEGGER_THUMB_Startup.o
  0x0800050F  exit                                2      4  Code  Gb  SEGGER_THUMB_Startup.o
  0x08000515  HardFault_Handler                          4  Code  Wk  STM32L4xx_Startup.o
  0x0800053D  gpioPortToBase                     72      4  Code  Gb  STM32L432KC_GPIO.o
  0x08000585  pinMode                           198      4  Code  Gb  STM32L432KC_GPIO.o
  0x0800064D  initSPI                           256      4  Code  Gb  STM32L432KC_SPI.o
  0x0800074D  spiSendReceive                     72      4  Code  Gb  STM32L432KC_SPI.o
  0x08000795  NMI_Handler                                2  Code  Wk  stm32l432xx_Vectors.o
  0x08000797  SVC_Handler                                2  Code  Wk  stm32l432xx_Vectors.o
  0x08000799  PendSV_Handler                             2  Code  Wk  stm32l432xx_Vectors.o
  0x0800079B  SysTick_Handler                            2  Code  Wk  stm32l432xx_Vectors.o
  0x0800079D  WWDG_IRQHandler                            2  Code  Wk  stm32l432xx_Vectors.o
  0x0800079F  PVD_PVM_IRQHandler                         2  Code  Wk  stm32l432xx_Vectors.o
  0x080007A1  TAMP_STAMP_IRQHandler                      2  Code  Wk  stm32l432xx_Vectors.o
  0x080007A3  RTC_WKUP_IRQHandler                        2  Code  Wk  stm32l432xx_Vectors.o
  0x080007A5  FLASH_IRQHandler                           2  Code  Wk  stm32l432xx_Vectors.o
  0x080007A7  RCC_IRQHandler                             2  Code  Wk  stm32l432xx_Vectors.o
  0x080007A9  EXTI0_IRQHandler                           2  Code  Wk  stm32l432xx_Vectors.o
  0x080007AB  EXTI1_IRQHandler                           2  Code  Wk  stm32l432xx_Vectors.o
  0x080007AD  EXTI2_IRQHandler                           2  Code  Wk  stm32l432xx_Vectors.o
  0x080007AF  EXTI3_IRQHandler                           2  Code  Wk  stm32l432xx_Vectors.o
  0x080007B1  EXTI4_IRQHandler                           2  Code  Wk  stm32l432xx_Vectors.o
  0x080007B3  DMA1_Channel1_IRQHandler                   2  Code  Wk  stm32l432xx_Vectors.o
  0x080007B5  DMA1_Channel2_IRQHandler                   2  Code  Wk  stm32l432xx_Vectors.o
  0x080007B7  DMA1_Channel3_IRQHandler                   2  Code  Wk  stm32l432xx_Vectors.o
  0x080007B9  DMA1_Channel4_IRQHandler                   2  Code  Wk  stm32l432xx_Vectors.o
  0x080007BB  DMA1_Channel5_IRQHandler                   2  Code  Wk  stm32l432xx_Vectors.o
  0x080007BD  DMA1_Channel6_IRQHandler                   2  Code  Wk  stm32l432xx_Vectors.o
  0x080007BF  DMA1_Channel7_IRQHandler                   2  Code  Wk  stm32l432xx_Vectors.o
  0x080007C1  ADC1_IRQHandler                            2  Code  Wk  stm32l432xx_Vectors.o
  0x080007C3  CAN1_TX_IRQHandler                         2  Code  Wk  stm32l432xx_Vectors.o
  0x080007C5  CAN1_RX0_IRQHandler                        2  Code  Wk  stm32l432xx_Vectors.o
  0x080007C7  CAN1_RX1_IRQHandler                        2  Code  Wk  stm32l432xx_Vectors.o
  0x080007C9  CAN1_SCE_IRQHandler                        2  Code  Wk  stm32l432xx_Vectors.o
  0x080007CB  EXTI9_5_IRQHandler                         2  Code  Wk  stm32l432xx_Vectors.o
  0x080007CD  TIM1_BRK_TIM15_IRQHandler                  2  Code  Wk  stm32l432xx_Vectors.o
  0x080007CF  TIM1_UP_TIM16_IRQHandler                   2  Code  Wk  stm32l432xx_Vectors.o
  0x080007D1  TIM1_TRG_COM_IRQHandler                    2  Code  Wk  stm32l432xx_Vectors.o
  0x080007D3  TIM1_CC_IRQHandler                         2  Code  Wk  stm32l432xx_Vectors.o
  0x080007D5  TIM2_IRQHandler                            2  Code  Wk  stm32l432xx_Vectors.o
  0x080007D7  I2C1_EV_IRQHandler                         2  Code  Wk  stm32l432xx_Vectors.o
  0x080007D9  I2C1_ER_IRQHandler                         2  Code  Wk  stm32l432xx_Vectors.o
  0x080007DB  SPI1_IRQHandler                            2  Code  Wk  stm32l432xx_Vectors.o
  0x080007DD  USART1_IRQHandler                          2  Code  Wk  stm32l432xx_Vectors.o
  0x080007DF  USART2_IRQHandler                          2  Code  Wk  stm32l432xx_Vectors.o
  0x080007E1  EXTI15_10_IRQHandler                       2  Code  Wk  stm32l432xx_Vectors.o
  0x080007E3  RTC_Alarm_IRQHandler                       2  Code  Wk  stm32l432xx_Vectors.o
  0x080007E5  SPI3_IRQHandler                            2  Code  Wk  stm32l432xx_Vectors.o
  0x080007E7  TIM6_DAC_IRQHandler                        2  Code  Wk  stm32l432xx_Vectors.o
  0x080007E9  TIM7_IRQHandler                            2  Code  Wk  stm32l432xx_Vectors.o
  0x080007EB  DMA2_Channel1_IRQHandler                   2  Code  Wk  stm32l432xx_Vectors.o
  0x080007ED  DMA2_Channel2_IRQHandler                   2  Code  Wk  stm32l432xx_Vectors.o
  0x080007EF  DMA2_Channel3_IRQHandler                   2  Code  Wk  stm32l432xx_Vectors.o
  0x080007F1  DMA2_Channel4_IRQHandler                   2  Code  Wk  stm32l432xx_Vectors.o
  0x080007F3  DMA2_Channel5_IRQHandler                   2  Code  Wk  stm32l432xx_Vectors.o
  0x080007F5  COMP_IRQHandler                            2  Code  Wk  stm32l432xx_Vectors.o
  0x080007F7  LPTIM1_IRQHandler                          2  Code  Wk  stm32l432xx_Vectors.o
  0x080007F9  LPTIM2_IRQHandler                          2  Code  Wk  stm32l432xx_Vectors.o
  0x080007FB  USB_IRQHandler                             2  Code  Wk  stm32l432xx_Vectors.o
  0x080007FD  DMA2_Channel6_IRQHandler                   2  Code  Wk  stm32l432xx_Vectors.o
  0x080007FF  DMA2_Channel7_IRQHandler                   2  Code  Wk  stm32l432xx_Vectors.o
  0x08000801  LPUART1_IRQHandler                         2  Code  Wk  stm32l432xx_Vectors.o
  0x08000803  QUADSPI_IRQHandler                         2  Code  Wk  stm32l432xx_Vectors.o
  0x08000805  I2C3_EV_IRQHandler                         2  Code  Wk  stm32l432xx_Vectors.o
  0x08000807  I2C3_ER_IRQHandler                         2  Code  Wk  stm32l432xx_Vectors.o
  0x08000809  SAI1_IRQHandler                            2  Code  Wk  stm32l432xx_Vectors.o
  0x0800080B  SWPMI1_IRQHandler                          2  Code  Wk  stm32l432xx_Vectors.o
  0x0800080D  TSC_IRQHandler                             2  Code  Wk  stm32l432xx_Vectors.o
  0x0800080F  RNG_IRQHandler                             2  Code  Wk  stm32l432xx_Vectors.o
  0x08000811  FPU_IRQHandler                             2  Code  Wk  stm32l432xx_Vectors.o
  0x08000813  CRS_IRQHandler                             2  Code  Wk  stm32l432xx_Vectors.o
  0x08000815  Dummy_Handler                              2  Code  Wk  stm32l432xx_Vectors.o
  0x08000817  gpioPinToPort                      14      2  Code  Gb  STM32L432KC_GPIO.o
  0x08000825  gpioPinToBase                      30      2  Code  Gb  STM32L432KC_GPIO.o
  0x08000843  reset_handler                              2  Code  Gb  STM32L4xx_Startup.o
  0x08000843  Reset_Handler                              2  Code  Gb  STM32L4xx_Startup.o
  0x0800085B  gpioPinOffset                      16      2  Code  Gb  STM32L432KC_GPIO.o
  0x0800086B  digitalRead                        44      2  Code  Gb  STM32L432KC_GPIO.o
  0x08000897  digitalWrite                       84      2  Code  Gb  STM32L432KC_GPIO.o
  0x080008F1  __SEGGER_init_ctors                24      4  Code  Wk  SEGGER_crtinit_v7em_little.o
  0x0800095D  __SEGGER_init_copy                 20      2  Code  Wk  SEGGER_crtinit_v7em_little.o

Function symbols by descending size:

  Symbol name                      Size  Align  Type  Bd  Object File
  -------------------------  ----------  -----  ----  --  -----------
  SystemCoreClockUpdate             340      4  Code  Gb  system_stm32l4xx.o
  initSPI                           256      4  Code  Gb  STM32L432KC_SPI.o
  pinMode                           198      4  Code  Gb  STM32L432KC_GPIO.o
  encrypt                           164      4  Code  Gb  spi.o
  main                              120      4  Code  Gb  spi.o
  checkAnswer                       108      4  Code  Gb  spi.o
  SystemInit                         88      4  Code  Gb  system_stm32l4xx.o
  digitalWrite                       84      2  Code  Gb  STM32L432KC_GPIO.o
  gpioPortToBase                     72      4  Code  Gb  STM32L432KC_GPIO.o
  spiSendReceive                     72      4  Code  Gb  STM32L432KC_SPI.o
  digitalRead                        44      2  Code  Gb  STM32L432KC_GPIO.o
  gpioPinToBase                      30      2  Code  Gb  STM32L432KC_GPIO.o
  __SEGGER_init_ctors                24      4  Code  Wk  SEGGER_crtinit_v7em_little.o
  __SEGGER_init_copy                 20      2  Code  Wk  SEGGER_crtinit_v7em_little.o
  gpioPinOffset                      16      2  Code  Gb  STM32L432KC_GPIO.o
  _start                             14      4  Code  Gb  SEGGER_THUMB_Startup.o
  gpioPinToPort                      14      2  Code  Gb  STM32L432KC_GPIO.o
  exit                                2      4  Code  Gb  SEGGER_THUMB_Startup.o
  ADC1_IRQHandler                            2  Code  Wk  stm32l432xx_Vectors.o
  CAN1_RX0_IRQHandler                        2  Code  Wk  stm32l432xx_Vectors.o
  CAN1_RX1_IRQHandler                        2  Code  Wk  stm32l432xx_Vectors.o
  CAN1_SCE_IRQHandler                        2  Code  Wk  stm32l432xx_Vectors.o
  CAN1_TX_IRQHandler                         2  Code  Wk  stm32l432xx_Vectors.o
  COMP_IRQHandler                            2  Code  Wk  stm32l432xx_Vectors.o
  CRS_IRQHandler                             2  Code  Wk  stm32l432xx_Vectors.o
  DMA1_Channel1_IRQHandler                   2  Code  Wk  stm32l432xx_Vectors.o
  DMA1_Channel2_IRQHandler                   2  Code  Wk  stm32l432xx_Vectors.o
  DMA1_Channel3_IRQHandler                   2  Code  Wk  stm32l432xx_Vectors.o
  DMA1_Channel4_IRQHandler                   2  Code  Wk  stm32l432xx_Vectors.o
  DMA1_Channel5_IRQHandler                   2  Code  Wk  stm32l432xx_Vectors.o
  DMA1_Channel6_IRQHandler                   2  Code  Wk  stm32l432xx_Vectors.o
  DMA1_Channel7_IRQHandler                   2  Code  Wk  stm32l432xx_Vectors.o
  DMA2_Channel1_IRQHandler                   2  Code  Wk  stm32l432xx_Vectors.o
  DMA2_Channel2_IRQHandler                   2  Code  Wk  stm32l432xx_Vectors.o
  DMA2_Channel3_IRQHandler                   2  Code  Wk  stm32l432xx_Vectors.o
  DMA2_Channel4_IRQHandler                   2  Code  Wk  stm32l432xx_Vectors.o
  DMA2_Channel5_IRQHandler                   2  Code  Wk  stm32l432xx_Vectors.o
  DMA2_Channel6_IRQHandler                   2  Code  Wk  stm32l432xx_Vectors.o
  DMA2_Channel7_IRQHandler                   2  Code  Wk  stm32l432xx_Vectors.o
  Dummy_Handler                              2  Code  Wk  stm32l432xx_Vectors.o
  EXTI0_IRQHandler                           2  Code  Wk  stm32l432xx_Vectors.o
  EXTI15_10_IRQHandler                       2  Code  Wk  stm32l432xx_Vectors.o
  EXTI1_IRQHandler                           2  Code  Wk  stm32l432xx_Vectors.o
  EXTI2_IRQHandler                           2  Code  Wk  stm32l432xx_Vectors.o
  EXTI3_IRQHandler                           2  Code  Wk  stm32l432xx_Vectors.o
  EXTI4_IRQHandler                           2  Code  Wk  stm32l432xx_Vectors.o
  EXTI9_5_IRQHandler                         2  Code  Wk  stm32l432xx_Vectors.o
  FLASH_IRQHandler                           2  Code  Wk  stm32l432xx_Vectors.o
  FPU_IRQHandler                             2  Code  Wk  stm32l432xx_Vectors.o
  HardFault_Handler                          4  Code  Wk  STM32L4xx_Startup.o
  I2C1_ER_IRQHandler                         2  Code  Wk  stm32l432xx_Vectors.o
  I2C1_EV_IRQHandler                         2  Code  Wk  stm32l432xx_Vectors.o
  I2C3_ER_IRQHandler                         2  Code  Wk  stm32l432xx_Vectors.o
  I2C3_EV_IRQHandler                         2  Code  Wk  stm32l432xx_Vectors.o
  LPTIM1_IRQHandler                          2  Code  Wk  stm32l432xx_Vectors.o
  LPTIM2_IRQHandler                          2  Code  Wk  stm32l432xx_Vectors.o
  LPUART1_IRQHandler                         2  Code  Wk  stm32l432xx_Vectors.o
  NMI_Handler                                2  Code  Wk  stm32l432xx_Vectors.o
  PVD_PVM_IRQHandler                         2  Code  Wk  stm32l432xx_Vectors.o
  PendSV_Handler                             2  Code  Wk  stm32l432xx_Vectors.o
  QUADSPI_IRQHandler                         2  Code  Wk  stm32l432xx_Vectors.o
  RCC_IRQHandler                             2  Code  Wk  stm32l432xx_Vectors.o
  RNG_IRQHandler                             2  Code  Wk  stm32l432xx_Vectors.o
  RTC_Alarm_IRQHandler                       2  Code  Wk  stm32l432xx_Vectors.o
  RTC_WKUP_IRQHandler                        2  Code  Wk  stm32l432xx_Vectors.o
  Reset_Handler                              2  Code  Gb  STM32L4xx_Startup.o
  SAI1_IRQHandler                            2  Code  Wk  stm32l432xx_Vectors.o
  SPI1_IRQHandler                            2  Code  Wk  stm32l432xx_Vectors.o
  SPI3_IRQHandler                            2  Code  Wk  stm32l432xx_Vectors.o
  SVC_Handler                                2  Code  Wk  stm32l432xx_Vectors.o
  SWPMI1_IRQHandler                          2  Code  Wk  stm32l432xx_Vectors.o
  SysTick_Handler                            2  Code  Wk  stm32l432xx_Vectors.o
  TAMP_STAMP_IRQHandler                      2  Code  Wk  stm32l432xx_Vectors.o
  TIM1_BRK_TIM15_IRQHandler                  2  Code  Wk  stm32l432xx_Vectors.o
  TIM1_CC_IRQHandler                         2  Code  Wk  stm32l432xx_Vectors.o
  TIM1_TRG_COM_IRQHandler                    2  Code  Wk  stm32l432xx_Vectors.o
  TIM1_UP_TIM16_IRQHandler                   2  Code  Wk  stm32l432xx_Vectors.o
  TIM2_IRQHandler                            2  Code  Wk  stm32l432xx_Vectors.o
  TIM6_DAC_IRQHandler                        2  Code  Wk  stm32l432xx_Vectors.o
  TIM7_IRQHandler                            2  Code  Wk  stm32l432xx_Vectors.o
  TSC_IRQHandler                             2  Code  Wk  stm32l432xx_Vectors.o
  USART1_IRQHandler                          2  Code  Wk  stm32l432xx_Vectors.o
  USART2_IRQHandler                          2  Code  Wk  stm32l432xx_Vectors.o
  USB_IRQHandler                             2  Code  Wk  stm32l432xx_Vectors.o
  WWDG_IRQHandler                            2  Code  Wk  stm32l432xx_Vectors.o
  __SEGGER_init_done                         4  Code  Gb  SEGGER_THUMB_Startup.o
  __startup_complete                         4  Code  Gb  SEGGER_THUMB_Startup.o
  reset_handler                              2  Code  Gb  STM32L4xx_Startup.o

Read-write data symbols by name:

  Symbol name                   Address        Size  Align  Type  Bd  Object File
  -------------------------  ----------  ----------  -----  ----  --  -----------
  SystemCoreClock            0x10000030           4      4  Init  Gb  system_stm32l4xx.o
  ct                         0x10000020          16      4  Init  Gb  spi.o
  key                        0x10000010          16      4  Init  Gb  spi.o
  plaintext                  0x10000000          16      4  Init  Gb  spi.o

Read-write data symbols by address:

     Address  Symbol name                      Size  Align  Type  Bd  Object File
  ----------  -------------------------  ----------  -----  ----  --  -----------
  0x10000000  plaintext                          16      4  Init  Gb  spi.o
  0x10000010  key                                16      4  Init  Gb  spi.o
  0x10000020  ct                                 16      4  Init  Gb  spi.o
  0x10000030  SystemCoreClock                     4      4  Init  Gb  system_stm32l4xx.o

Read-write data symbols by descending size:

  Symbol name                      Size  Align  Type  Bd  Object File
  -------------------------  ----------  -----  ----  --  -----------
  ct                                 16      4  Init  Gb  spi.o
  key                                16      4  Init  Gb  spi.o
  plaintext                          16      4  Init  Gb  spi.o
  SystemCoreClock                     4      4  Init  Gb  system_stm32l4xx.o

Read-only data symbols by name:

  Symbol name                   Address        Size  Align  Type  Bd  Object File
  -------------------------  ----------  ----------  -----  ----  --  -----------
  AHBPrescTable              0x0800018C          16      4  Cnst  Gb  system_stm32l4xx.o
  MSIRangeTable              0x0800019C          48      4  Cnst  Gb  system_stm32l4xx.o
  __SEGGER_init_data__       0x08000928        [52]      4  Cnst  Lc  [ Linker created ]
  __SEGGER_init_table__      0x08000910        [24]      4  Cnst  Lc  [ Linker created ]

Read-only data symbols by address:

     Address  Symbol name                      Size  Align  Type  Bd  Object File
  ----------  -------------------------  ----------  -----  ----  --  -----------
  0x0800018C  AHBPrescTable                      16      4  Cnst  Gb  system_stm32l4xx.o
  0x0800019C  MSIRangeTable                      48      4  Cnst  Gb  system_stm32l4xx.o
  0x08000910  __SEGGER_init_table__            [24]      4  Cnst  Lc  [ Linker created ]
  0x08000928  __SEGGER_init_data__             [52]      4  Cnst  Lc  [ Linker created ]

Untyped symbols by name:

  Symbol name                     Value        Size  Align  Type  Bd  Object File
  -------------------------  ----------  ----------  -----  ----  --  -----------
  __FLASH1_segment_end__     0x08040000                     ----  Gb  [ Linker created ]
  __FLASH1_segment_size__    0x00040000                     ----  Gb  [ Linker created ]
  __FLASH1_segment_start__   0x08000000                     ----  Gb  [ Linker created ]
  __FLASH1_segment_used_end__
                             0x08000970                     ----  Gb  [ Linker created ]
  __FLASH1_segment_used_size__
                             0x00000970                     ----  Gb  [ Linker created ]
  __FLASH1_segment_used_start__
                             0x08000000                     ----  Gb  [ Linker created ]
  __FLASH_segment_end__      0x08040000                     ----  Gb  [ Linker created ]
  __FLASH_segment_size__     0x00040000                     ----  Gb  [ Linker created ]
  __FLASH_segment_start__    0x08000000                     ----  Gb  [ Linker created ]
  __FLASH_segment_used_end__
                             0x08000970                     ----  Gb  [ Linker created ]
  __FLASH_segment_used_size__
                             0x00000970                     ----  Gb  [ Linker created ]
  __FLASH_segment_used_start__
                             0x08000000                     ----  Gb  [ Linker created ]
  __HEAPSIZE__               0x00000000                     ----  Gb  [ Linker created ]
  __RAM1_segment_end__       0x10004000                     ----  Gb  [ Linker created ]
  __RAM1_segment_size__      0x00004000                     ----  Gb  [ Linker created ]
  __RAM1_segment_start__     0x10000000                     ----  Gb  [ Linker created ]
  __RAM1_segment_used_end__  0x10000034                     ----  Gb  [ Linker created ]
  __RAM1_segment_used_size__
                             0x00000034                     ----  Gb  [ Linker created ]
  __RAM1_segment_used_start__
                             0x10000000                     ----  Gb  [ Linker created ]
  __RAM2_segment_end__       0x2000C000                     ----  Gb  [ Linker created ]
  __RAM2_segment_size__      0x0000C000                     ----  Gb  [ Linker created ]
  __RAM2_segment_start__     0x20000000                     ----  Gb  [ Linker created ]
  __RAM2_segment_used_end__  0x2000C000                     ----  Gb  [ Linker created ]
  __RAM2_segment_used_size__
                             0x00000800                     ----  Gb  [ Linker created ]
  __RAM2_segment_used_start__
                             0x2000B800                     ----  Gb  [ Linker created ]
  __RAM_segment_end__        0x2000C000                     ----  Gb  [ Linker created ]
  __RAM_segment_size__       0x1000C000                     ----  Gb  [ Linker created ]
  __RAM_segment_start__      0x10000000                     ----  Gb  [ Linker created ]
  __RAM_segment_used_end__   0x2000C000                     ----  Gb  [ Linker created ]
  __RAM_segment_used_size__  0x1000C000                     ----  Gb  [ Linker created ]
  __RAM_segment_used_start__
                             0x10000000                     ----  Gb  [ Linker created ]
  __STACKSIZE_PROCESS__      0x00000000                     ----  Gb  [ Linker created ]
  __STACKSIZE__              0x00000800                     ----  Gb  [ Linker created ]
  __ctors_end__              0x080008F0                     ----  Gb  [ Linker created ]
  __ctors_start__            0x080008EC                     ----  Gb  [ Linker created ]
  __stack_end__              0x2000C000                     ----  Gb  [ Linker created ]
  __thread_pointer$          0x00000000                     ----  Gb  [ Linker created ]
  _vectors                   0x08000000       [396]    512  Code  Gb  stm32l432xx_Vectors.o
  _vectors_end               0x0800018C                512  Code  Lc  stm32l432xx_Vectors.o

Untyped symbols by address:

       Value  Symbol name                      Size  Align  Type  Bd  Object File
  ----------  -------------------------  ----------  -----  ----  --  -----------
  0x00000000  __thread_pointer$                             ----  Gb  [ Linker created ]
  0x00000000  __STACKSIZE_PROCESS__                         ----  Gb  [ Linker created ]
  0x00000000  __HEAPSIZE__                                  ----  Gb  [ Linker created ]
  0x00000034  __RAM1_segment_used_size__
                                                            ----  Gb  [ Linker created ]
  0x00000800  __STACKSIZE__                                 ----  Gb  [ Linker created ]
  0x00000800  __RAM2_segment_used_size__
                                                            ----  Gb  [ Linker created ]
  0x00000970  __FLASH_segment_used_size__
                                                            ----  Gb  [ Linker created ]
  0x00000970  __FLASH1_segment_used_size__
                                                            ----  Gb  [ Linker created ]
  0x00004000  __RAM1_segment_size__                         ----  Gb  [ Linker created ]
  0x0000C000  __RAM2_segment_size__                         ----  Gb  [ Linker created ]
  0x00040000  __FLASH_segment_size__                        ----  Gb  [ Linker created ]
  0x00040000  __FLASH1_segment_size__                       ----  Gb  [ Linker created ]
  0x08000000  _vectors                        [396]    512  Code  Gb  stm32l432xx_Vectors.o
  0x08000000  __FLASH_segment_used_start__
                                                            ----  Gb  [ Linker created ]
  0x08000000  __FLASH_segment_start__                       ----  Gb  [ Linker created ]
  0x08000000  __FLASH1_segment_used_start__
                                                            ----  Gb  [ Linker created ]
  0x08000000  __FLASH1_segment_start__                      ----  Gb  [ Linker created ]
  0x0800018C  _vectors_end                             512  Code  Lc  stm32l432xx_Vectors.o
  0x080008EC  __ctors_start__                               ----  Gb  [ Linker created ]
  0x080008F0  __ctors_end__                                 ----  Gb  [ Linker created ]
  0x08000970  __FLASH_segment_used_end__
                                                            ----  Gb  [ Linker created ]
  0x08000970  __FLASH1_segment_used_end__
                                                            ----  Gb  [ Linker created ]
  0x08040000  __FLASH_segment_end__                         ----  Gb  [ Linker created ]
  0x08040000  __FLASH1_segment_end__                        ----  Gb  [ Linker created ]
  0x10000000  __RAM_segment_used_start__
                                                            ----  Gb  [ Linker created ]
  0x10000000  __RAM_segment_start__                         ----  Gb  [ Linker created ]
  0x10000000  __RAM1_segment_used_start__
                                                            ----  Gb  [ Linker created ]
  0x10000000  __RAM1_segment_start__                        ----  Gb  [ Linker created ]
  0x10000034  __RAM1_segment_used_end__                     ----  Gb  [ Linker created ]
  0x10004000  __RAM1_segment_end__                          ----  Gb  [ Linker created ]
  0x1000C000  __RAM_segment_used_size__                     ----  Gb  [ Linker created ]
  0x1000C000  __RAM_segment_size__                          ----  Gb  [ Linker created ]
  0x20000000  __RAM2_segment_start__                        ----  Gb  [ Linker created ]
  0x2000B800  __RAM2_segment_used_start__
                                                            ----  Gb  [ Linker created ]
  0x2000C000  __stack_end__                                 ----  Gb  [ Linker created ]
  0x2000C000  __RAM_segment_used_end__                      ----  Gb  [ Linker created ]
  0x2000C000  __RAM_segment_end__                           ----  Gb  [ Linker created ]
  0x2000C000  __RAM2_segment_used_end__                     ----  Gb  [ Linker created ]
  0x2000C000  __RAM2_segment_end__                          ----  Gb  [ Linker created ]


***********************************************************************************************
***                                                                                         ***
***                                      LINK SUMMARY                                       ***
***                                                                                         ***
***********************************************************************************************

Memory breakdown:

    2 270 bytes read-only  code    + 
      140 bytes read-only  data    =   2 410 bytes read-only (total)
    2 100 bytes read-write data

Region summary:

  Name        Range                     Size                 Used               Unused       Alignment Loss
  ----------  -----------------  -----------  -------------------  -------------------  -------------------
  FLASH       08000000-0803ffff      262 144        2 414   0.92%      259 730  99.08%            0   0.00%
  RAM1        10000000-10003fff       16 384           52   0.32%       16 332  99.68%            0   0.00%
  RAM2        20000000-2000bfff       49 152        2 048   4.17%       47 104  95.83%            0   0.00%

Link complete: 0 errors, 0 warnings, 0 remarks
